// Jest Snapshot v1, https://goo.gl/fbAQLP

exports[`Login.vue renders properly 1`] = `
<div
  id="nav"
>
  <div
    id="logoDiv"
  >
    <img
      alt="appIcon"
      id="imageIcon"
      src="../assets/appIcon.svg"
    />
  </div>
   
  <div />
</div>
`;
